
Discarded input sections

 .text          0x00000000        0x0 ./bsp.o
 .data          0x00000000        0x0 ./bsp.o
 .bss           0x00000000        0x0 ./bsp.o
 .text          0x00000000        0x0 ./main.o
 .data          0x00000000        0x0 ./main.o
 .bss           0x00000000        0x0 ./main.o
 .text          0x00000000        0x0 ./ek-tm4c123gxl/gnu/startup_TM4C123GH6PM.o
 .data          0x00000000        0x0 ./ek-tm4c123gxl/gnu/startup_TM4C123GH6PM.o
 .bss           0x00000000        0x0 ./ek-tm4c123gxl/gnu/startup_TM4C123GH6PM.o
 .text          0x00000000        0x0 ./ek-tm4c123gxl/system_TM4C123GH6PM.o
 .data          0x00000000        0x0 ./ek-tm4c123gxl/system_TM4C123GH6PM.o
 .bss           0x00000000        0x0 ./ek-tm4c123gxl/system_TM4C123GH6PM.o
 .data.SystemCoreClock
                0x00000000        0x4 ./ek-tm4c123gxl/system_TM4C123GH6PM.o
 .text.getOscClk
                0x00000000      0x198 ./ek-tm4c123gxl/system_TM4C123GH6PM.o
 .text.SystemCoreClockUpdate
                0x00000000      0x118 ./ek-tm4c123gxl/system_TM4C123GH6PM.o

Memory Configuration

Name             Origin             Length             Attributes
ROM              0x00000000         0x00040000         xr
RAM              0x20000000         0x00008000         xrw
*default*        0x00000000         0xffffffff

Linker script and memory map

LOAD ./bsp.o
LOAD ./main.o
LOAD ./ek-tm4c123gxl/gnu/startup_TM4C123GH6PM.o
LOAD ./ek-tm4c123gxl/system_TM4C123GH6PM.o
                0x00000800                STACK_SIZE = 0x800
                0x00000000                HEAP_SIZE = 0x0

.isr_vector     0x00000000      0x36c
 *(.isr_vector)
 .isr_vector    0x00000000      0x36c ./ek-tm4c123gxl/gnu/startup_TM4C123GH6PM.o
                0x00000000                g_pfnVectors
                0x0000036c                . = ALIGN (0x4)

.text           0x0000036c      0x2e0
                0x0000036c                . = ALIGN (0x4)
 *(.text)
 *(.text*)
 .text.__NVIC_SystemReset
                0x0000036c       0x2c ./bsp.o
 .text.assert_failed
                0x00000398        0x4 ./bsp.o
                0x00000398                assert_failed
 .text.SysTick_Handler
                0x0000039c       0x20 ./bsp.o
                0x0000039c                SysTick_Handler
 .text.main     0x000003bc       0x78 ./main.o
                0x000003bc                main
 .text.Reset_Handler
                0x00000434       0x6c ./ek-tm4c123gxl/gnu/startup_TM4C123GH6PM.o
                0x00000434                Reset_Handler
 .text.NMI_Handler
                0x000004a0       0x18 ./ek-tm4c123gxl/gnu/startup_TM4C123GH6PM.o
                0x000004a0                NMI_Handler
 .text.HardFault_Handler
                0x000004b8       0x18 ./ek-tm4c123gxl/gnu/startup_TM4C123GH6PM.o
                0x000004b8                HardFault_Handler
 .text.MemManage_Handler
                0x000004d0       0x18 ./ek-tm4c123gxl/gnu/startup_TM4C123GH6PM.o
                0x000004d0                MemManage_Handler
 .text.BusFault_Handler
                0x000004e8       0x18 ./ek-tm4c123gxl/gnu/startup_TM4C123GH6PM.o
                0x000004e8                BusFault_Handler
 .text.UsageFault_Handler
                0x00000500       0x18 ./ek-tm4c123gxl/gnu/startup_TM4C123GH6PM.o
                0x00000500                UsageFault_Handler
 .text.Default_Handler
                0x00000518       0x18 ./ek-tm4c123gxl/gnu/startup_TM4C123GH6PM.o
                0x00000518                uDMAST_IRQHandler
                0x00000518                GPIOPortP4_IRQHandler
                0x00000518                PWM1Gen3_IRQHandler
                0x00000518                WideTimer5B_IRQHandler
                0x00000518                DebugMon_Handler
                0x00000518                QEI2_IRQHandler
                0x00000518                FlashCtrl_IRQHandler
                0x00000518                GPIOPortP7_IRQHandler
                0x00000518                Timer0B_IRQHandler
                0x00000518                I2C0_IRQHandler
                0x00000518                WideTimer4B_IRQHandler
                0x00000518                PendSV_Handler
                0x00000518                I2C1_IRQHandler
                0x00000518                GPIOPortP5_IRQHandler
                0x00000518                PWMGen0_IRQHandler
                0x00000518                UART1_IRQHandler
                0x00000518                CAN1_IRQHandler
                0x00000518                Timer1B_IRQHandler
                0x00000518                Watchdog_IRQHandler
                0x00000518                GPIOPortS_IRQHandler
                0x00000518                GPIOPortQ7_IRQHandler
                0x00000518                PWM1Gen2_IRQHandler
                0x00000518                UART0_IRQHandler
                0x00000518                GPIOPortL_IRQHandler
                0x00000518                SSI0_IRQHandler
                0x00000518                GPIOPortM_IRQHandler
                0x00000518                FPU_IRQHandler
                0x00000518                ADCSeq1_IRQHandler
                0x00000518                GPIOPortP0_IRQHandler
                0x00000518                WideTimer0B_IRQHandler
                0x00000518                PWMFault_IRQHandler
                0x00000518                WideTimer1A_IRQHandler
                0x00000518                I2C5_IRQHandler
                0x00000518                I2C4_IRQHandler
                0x00000518                GPIOPortQ5_IRQHandler
                0x00000518                PWMGen1_IRQHandler
                0x00000518                SSI1_IRQHandler
                0x00000518                I2C2_IRQHandler
                0x00000518                UART5_IRQHandler
                0x00000518                GPIOPortC_IRQHandler
                0x00000518                GPIOPortK_IRQHandler
                0x00000518                ADCSeq2_IRQHandler
                0x00000518                PWMGen2_IRQHandler
                0x00000518                UART2_IRQHandler
                0x00000518                GPIOPortP3_IRQHandler
                0x00000518                ADC1Seq0_IRQHandler
                0x00000518                UART4_IRQHandler
                0x00000518                GPIOPortJ_IRQHandler
                0x00000518                Default_Handler
                0x00000518                WideTimer0A_IRQHandler
                0x00000518                Timer5A_IRQHandler
                0x00000518                WideTimer3B_IRQHandler
                0x00000518                WideTimer2B_IRQHandler
                0x00000518                WideTimer5A_IRQHandler
                0x00000518                Timer4A_IRQHandler
                0x00000518                QEI1_IRQHandler
                0x00000518                PWM1Fault_IRQHandler
                0x00000518                GPIOPortP6_IRQHandler
                0x00000518                QEI0_IRQHandler
                0x00000518                ADC1Seq2_IRQHandler
                0x00000518                ADC1Seq1_IRQHandler
                0x00000518                PWMGen3_IRQHandler
                0x00000518                GPIOPortD_IRQHandler
                0x00000518                USB0_IRQHandler
                0x00000518                I2C3_IRQHandler
                0x00000518                SVC_Handler
                0x00000518                GPIOPortP2_IRQHandler
                0x00000518                GPIOPortQ4_IRQHandler
                0x00000518                Timer3B_IRQHandler
                0x00000518                Timer3A_IRQHandler
                0x00000518                GPIOPortA_IRQHandler
                0x00000518                ADC1Seq3_IRQHandler
                0x00000518                Timer0A_IRQHandler
                0x00000518                GPIOPortP1_IRQHandler
                0x00000518                ADCSeq0_IRQHandler
                0x00000518                Timer1A_IRQHandler
                0x00000518                GPIOPortG_IRQHandler
                0x00000518                GPIOPortQ3_IRQHandler
                0x00000518                GPIOPortQ1_IRQHandler
                0x00000518                Timer5B_IRQHandler
                0x00000518                ADCSeq3_IRQHandler
                0x00000518                WideTimer4A_IRQHandler
                0x00000518                GPIOPortE_IRQHandler
                0x00000518                CAN0_IRQHandler
                0x00000518                GPIOPortQ0_IRQHandler
                0x00000518                Comp0_IRQHandler
                0x00000518                Comp1_IRQHandler
                0x00000518                Comp2_IRQHandler
                0x00000518                GPIOPortQ6_IRQHandler
                0x00000518                SSI2_IRQHandler
                0x00000518                PWM1Gen0_IRQHandler
                0x00000518                GPIOPortF_IRQHandler
                0x00000518                UART7_IRQHandler
                0x00000518                UART6_IRQHandler
                0x00000518                WideTimer2A_IRQHandler
                0x00000518                GPIOPortB_IRQHandler
                0x00000518                WideTimer3A_IRQHandler
                0x00000518                CAN2_IRQHandler
                0x00000518                WideTimer1B_IRQHandler
                0x00000518                GPIOPortH_IRQHandler
                0x00000518                GPIOPortQ2_IRQHandler
                0x00000518                GPIOPortR_IRQHandler
                0x00000518                Timer4B_IRQHandler
                0x00000518                Timer2A_IRQHandler
                0x00000518                SSI3_IRQHandler
                0x00000518                Timer2B_IRQHandler
                0x00000518                uDMAError_IRQHandler
                0x00000518                GPIOPortN_IRQHandler
                0x00000518                UART3_IRQHandler
                0x00000518                SysCtrl_IRQHandler
                0x00000518                Hibernate_IRQHandler
                0x00000518                PWM1Gen1_IRQHandler
 .text.SystemInit
                0x00000530       0xd0 ./ek-tm4c123gxl/system_TM4C123GH6PM.o
                0x00000530                SystemInit
 *(.rodata)
 .rodata        0x00000600       0x4c ./ek-tm4c123gxl/gnu/startup_TM4C123GH6PM.o
 *(.rodata*)
 *(.init)
 *(.fini)
                0x0000064c                . = ALIGN (0x4)

.glue_7         0x0000064c        0x0
 .glue_7        0x0000064c        0x0 linker stubs

.glue_7t        0x0000064c        0x0
 .glue_7t       0x0000064c        0x0 linker stubs

.vfp11_veneer   0x0000064c        0x0
 .vfp11_veneer  0x0000064c        0x0 linker stubs

.v4_bx          0x0000064c        0x0
 .v4_bx         0x0000064c        0x0 linker stubs

.iplt           0x0000064c        0x0
 .iplt          0x0000064c        0x0 ./bsp.o

.rel.dyn        0x0000064c        0x0
 .rel.iplt      0x0000064c        0x0 ./bsp.o

.preinit_array  0x0000064c        0x0
                [!provide]                PROVIDE (__preinit_array_start = .)
 *(.preinit_array*)
                [!provide]                PROVIDE (__preinit_array_end = .)

.init_array     0x0000064c        0x0
                [!provide]                PROVIDE (__init_array_start = .)
 *(SORT_BY_NAME(.init_array.*))
 *(.init_array*)
                [!provide]                PROVIDE (__init_array_end = .)

.fini_array     0x0000064c        0x0
                [!provide]                PROVIDE (__fini_array_start = .)
 *(.fini_array*)
 *(SORT_BY_NAME(.fini_array.*))
                [!provide]                PROVIDE (__fini_array_end = .)
                0x0000064c                _etext = .

.stack          0x20000000      0x800
                0x20000000                __stack_start__ = .
                0x20000800                . = (. + STACK_SIZE)
 *fill*         0x20000000      0x800 
                0x20000800                . = ALIGN (0x4)
                0x20000800                __stack_end__ = .

.data           0x20000800        0x0 load address 0x0000064c
                0x0000064c                __data_load = LOADADDR (.data)
                0x20000800                __data_start = .
 *(.data)
 *(.data*)
                0x20000800                . = ALIGN (0x4)
                0x20000800                __data_end__ = .
                0x20000800                _edata = __data_end__

.igot.plt       0x20000800        0x0
 .igot.plt      0x20000800        0x0 ./bsp.o

.bss            0x20000800        0x0
                0x20000800                __bss_start__ = .
 *(.bss)
 *(.bss*)
 *(COMMON)
                0x20000800                . = ALIGN (0x4)
                0x20000800                _ebss = .
                0x20000800                __bss_end__ = .
                0x20000800                __exidx_start = .

.ARM.exidx
 *(.ARM.exidx* .gnu.linkonce.armexidx.*)
                0x20000800                __exidx_end = .
                [!provide]                PROVIDE (end = _ebss)
                [!provide]                PROVIDE (_end = _ebss)
                [!provide]                PROVIDE (__end__ = _ebss)

.heap           0x20000800        0x0
                0x20000800                __heap_start__ = .
                0x20000800                . = (. + HEAP_SIZE)
                0x20000800                . = ALIGN (0x4)
                0x20000800                __heap_end__ = .

/DISCARD/
 libc.a(*)
 libm.a(*)
 libgcc.a(*)
START GROUP
LOAD c:/ti/ccs1271/ccs/tools/compiler/gcc-arm-none-eabi-9-2019-q4-major/bin/../lib/gcc/arm-none-eabi/9.2.1/../../../../arm-none-eabi/lib/thumb/v7e-m/nofp\libc.a
END GROUP
OUTPUT(lesson.out elf32-littlearm)

.debug_info     0x00000000     0x253a
 .debug_info    0x00000000      0x501 ./bsp.o
 .debug_info    0x00000501      0xf40 ./main.o
 .debug_info    0x00001441      0x1ad ./ek-tm4c123gxl/gnu/startup_TM4C123GH6PM.o
 .debug_info    0x000015ee      0xf4c ./ek-tm4c123gxl/system_TM4C123GH6PM.o

.debug_abbrev   0x00000000      0x4f0
 .debug_abbrev  0x00000000      0x173 ./bsp.o
 .debug_abbrev  0x00000173      0x12d ./main.o
 .debug_abbrev  0x000002a0       0xee ./ek-tm4c123gxl/gnu/startup_TM4C123GH6PM.o
 .debug_abbrev  0x0000038e      0x162 ./ek-tm4c123gxl/system_TM4C123GH6PM.o

.debug_aranges  0x00000000       0xd0
 .debug_aranges
                0x00000000       0x30 ./bsp.o
 .debug_aranges
                0x00000030       0x20 ./main.o
 .debug_aranges
                0x00000050       0x50 ./ek-tm4c123gxl/gnu/startup_TM4C123GH6PM.o
 .debug_aranges
                0x000000a0       0x30 ./ek-tm4c123gxl/system_TM4C123GH6PM.o

.debug_ranges   0x00000000       0x90
 .debug_ranges  0x00000000       0x20 ./bsp.o
 .debug_ranges  0x00000020       0x10 ./main.o
 .debug_ranges  0x00000030       0x40 ./ek-tm4c123gxl/gnu/startup_TM4C123GH6PM.o
 .debug_ranges  0x00000070       0x20 ./ek-tm4c123gxl/system_TM4C123GH6PM.o

.debug_line     0x00000000      0xa79
 .debug_line    0x00000000      0x285 ./bsp.o
 .debug_line    0x00000285      0x25e ./main.o
 .debug_line    0x000004e3      0x172 ./ek-tm4c123gxl/gnu/startup_TM4C123GH6PM.o
 .debug_line    0x00000655      0x424 ./ek-tm4c123gxl/system_TM4C123GH6PM.o

.debug_str      0x00000000      0xabe
 .debug_str     0x00000000      0x2c2 ./bsp.o
                                0x319 (size before relaxing)
 .debug_str     0x000002c2      0x5d2 ./main.o
                                0x840 (size before relaxing)
 .debug_str     0x00000894      0x16f ./ek-tm4c123gxl/gnu/startup_TM4C123GH6PM.o
                                0x2bd (size before relaxing)
 .debug_str     0x00000a03       0xbb ./ek-tm4c123gxl/system_TM4C123GH6PM.o
                                0x8db (size before relaxing)

.comment        0x00000000       0x79
 .comment       0x00000000       0x79 ./bsp.o
                                 0x7a (size before relaxing)
 .comment       0x00000079       0x7a ./main.o
 .comment       0x00000079       0x7a ./ek-tm4c123gxl/gnu/startup_TM4C123GH6PM.o
 .comment       0x00000079       0x7a ./ek-tm4c123gxl/system_TM4C123GH6PM.o

.ARM.attributes
                0x00000000       0x34
 .ARM.attributes
                0x00000000       0x34 ./bsp.o
 .ARM.attributes
                0x00000034       0x34 ./main.o
 .ARM.attributes
                0x00000068       0x34 ./ek-tm4c123gxl/gnu/startup_TM4C123GH6PM.o
 .ARM.attributes
                0x0000009c       0x34 ./ek-tm4c123gxl/system_TM4C123GH6PM.o

.debug_frame    0x00000000      0x188
 .debug_frame   0x00000000       0x58 ./bsp.o
 .debug_frame   0x00000058       0x2c ./main.o
 .debug_frame   0x00000084       0x80 ./ek-tm4c123gxl/gnu/startup_TM4C123GH6PM.o
 .debug_frame   0x00000104       0x84 ./ek-tm4c123gxl/system_TM4C123GH6PM.o
